Warning: You are sending unauthenticated requests to the HF Hub. Please set a HF_TOKEN to enable higher rate limits and faster downloads.
/usr/local/lib/python3.13/dist-packages/sklearn/compose/_column_transformer.py:1667: FutureWarning: 
The format of the columns of the 'remainder' transformer in ColumnTransformer.transformers_ will change in version 1.7 to match the format of the other transformers.
At the moment the remainder columns are stored as indices (of type int). With the same ColumnTransformer configuration, in the future they will be stored as a different type depending on the ColumnTransformer inputs.
To use the new behavior now and suppress this warning, use ColumnTransformer(force_int_remainder_cols=False).

  warnings.warn(
/usr/local/lib/python3.13/dist-packages/sklearn/compose/_column_transformer.py:1667: FutureWarning: 
The format of the columns of the 'remainder' transformer in ColumnTransformer.transformers_ will change in version 1.7 to match the format of the other transformers.
At the moment the remainder columns are stored as indices (of type int). With the same ColumnTransformer configuration, in the future they will be stored as a different type depending on the ColumnTransformer inputs.
To use the new behavior now and suppress this warning, use ColumnTransformer(force_int_remainder_cols=False).

  warnings.warn(
/usr/local/lib/python3.13/dist-packages/sklearn/compose/_column_transformer.py:1667: FutureWarning: 
The format of the columns of the 'remainder' transformer in ColumnTransformer.transformers_ will change in version 1.7 to match the format of the other transformers.
At the moment the remainder columns are stored as indices (of type int). With the same ColumnTransformer configuration, in the future they will be stored as a different type depending on the ColumnTransformer inputs.
To use the new behavior now and suppress this warning, use ColumnTransformer(force_int_remainder_cols=False).

  warnings.warn(
/usr/local/lib/python3.13/dist-packages/sklearn/compose/_column_transformer.py:1667: FutureWarning: 
The format of the columns of the 'remainder' transformer in ColumnTransformer.transformers_ will change in version 1.7 to match the format of the other transformers.
At the moment the remainder columns are stored as indices (of type int). With the same ColumnTransformer configuration, in the future they will be stored as a different type depending on the ColumnTransformer inputs.
To use the new behavior now and suppress this warning, use ColumnTransformer(force_int_remainder_cols=False).

  warnings.warn(
/usr/local/lib/python3.13/dist-packages/sklearn/compose/_column_transformer.py:1667: FutureWarning: 
The format of the columns of the 'remainder' transformer in ColumnTransformer.transformers_ will change in version 1.7 to match the format of the other transformers.
At the moment the remainder columns are stored as indices (of type int). With the same ColumnTransformer configuration, in the future they will be stored as a different type depending on the ColumnTransformer inputs.
To use the new behavior now and suppress this warning, use ColumnTransformer(force_int_remainder_cols=False).

  warnings.warn(
/usr/local/lib/python3.13/dist-packages/sklearn/compose/_column_transformer.py:1667: FutureWarning: 
The format of the columns of the 'remainder' transformer in ColumnTransformer.transformers_ will change in version 1.7 to match the format of the other transformers.
At the moment the remainder columns are stored as indices (of type int). With the same ColumnTransformer configuration, in the future they will be stored as a different type depending on the ColumnTransformer inputs.
To use the new behavior now and suppress this warning, use ColumnTransformer(force_int_remainder_cols=False).

  warnings.warn(
/usr/local/lib/python3.13/dist-packages/sklearn/compose/_column_transformer.py:1667: FutureWarning: 
The format of the columns of the 'remainder' transformer in ColumnTransformer.transformers_ will change in version 1.7 to match the format of the other transformers.
At the moment the remainder columns are stored as indices (of type int). With the same ColumnTransformer configuration, in the future they will be stored as a different type depending on the ColumnTransformer inputs.
To use the new behavior now and suppress this warning, use ColumnTransformer(force_int_remainder_cols=False).

  warnings.warn(
/usr/local/lib/python3.13/dist-packages/sklearn/compose/_column_transformer.py:1667: FutureWarning: 
The format of the columns of the 'remainder' transformer in ColumnTransformer.transformers_ will change in version 1.7 to match the format of the other transformers.
At the moment the remainder columns are stored as indices (of type int). With the same ColumnTransformer configuration, in the future they will be stored as a different type depending on the ColumnTransformer inputs.
To use the new behavior now and suppress this warning, use ColumnTransformer(force_int_remainder_cols=False).

  warnings.warn(
/usr/local/lib/python3.13/dist-packages/sklearn/compose/_column_transformer.py:1667: FutureWarning: 
The format of the columns of the 'remainder' transformer in ColumnTransformer.transformers_ will change in version 1.7 to match the format of the other transformers.
At the moment the remainder columns are stored as indices (of type int). With the same ColumnTransformer configuration, in the future they will be stored as a different type depending on the ColumnTransformer inputs.
To use the new behavior now and suppress this warning, use ColumnTransformer(force_int_remainder_cols=False).

  warnings.warn(
/usr/local/lib/python3.13/dist-packages/sklearn/compose/_column_transformer.py:1667: FutureWarning: 
The format of the columns of the 'remainder' transformer in ColumnTransformer.transformers_ will change in version 1.7 to match the format of the other transformers.
At the moment the remainder columns are stored as indices (of type int). With the same ColumnTransformer configuration, in the future they will be stored as a different type depending on the ColumnTransformer inputs.
To use the new behavior now and suppress this warning, use ColumnTransformer(force_int_remainder_cols=False).

  warnings.warn(
/usr/local/lib/python3.13/dist-packages/sklearn/compose/_column_transformer.py:1667: FutureWarning: 
The format of the columns of the 'remainder' transformer in ColumnTransformer.transformers_ will change in version 1.7 to match the format of the other transformers.
At the moment the remainder columns are stored as indices (of type int). With the same ColumnTransformer configuration, in the future they will be stored as a different type depending on the ColumnTransformer inputs.
To use the new behavior now and suppress this warning, use ColumnTransformer(force_int_remainder_cols=False).

  warnings.warn(
/usr/local/lib/python3.13/dist-packages/sklearn/compose/_column_transformer.py:1667: FutureWarning: 
The format of the columns of the 'remainder' transformer in ColumnTransformer.transformers_ will change in version 1.7 to match the format of the other transformers.
At the moment the remainder columns are stored as indices (of type int). With the same ColumnTransformer configuration, in the future they will be stored as a different type depending on the ColumnTransformer inputs.
To use the new behavior now and suppress this warning, use ColumnTransformer(force_int_remainder_cols=False).

  warnings.warn(
/usr/local/lib/python3.13/dist-packages/sklearn/compose/_column_transformer.py:1667: FutureWarning: 
The format of the columns of the 'remainder' transformer in ColumnTransformer.transformers_ will change in version 1.7 to match the format of the other transformers.
At the moment the remainder columns are stored as indices (of type int). With the same ColumnTransformer configuration, in the future they will be stored as a different type depending on the ColumnTransformer inputs.
To use the new behavior now and suppress this warning, use ColumnTransformer(force_int_remainder_cols=False).

  warnings.warn(
/usr/local/lib/python3.13/dist-packages/sklearn/compose/_column_transformer.py:1667: FutureWarning: 
The format of the columns of the 'remainder' transformer in ColumnTransformer.transformers_ will change in version 1.7 to match the format of the other transformers.
At the moment the remainder columns are stored as indices (of type int). With the same ColumnTransformer configuration, in the future they will be stored as a different type depending on the ColumnTransformer inputs.
To use the new behavior now and suppress this warning, use ColumnTransformer(force_int_remainder_cols=False).

  warnings.warn(
/usr/local/lib/python3.13/dist-packages/sklearn/compose/_column_transformer.py:1667: FutureWarning: 
The format of the columns of the 'remainder' transformer in ColumnTransformer.transformers_ will change in version 1.7 to match the format of the other transformers.
At the moment the remainder columns are stored as indices (of type int). With the same ColumnTransformer configuration, in the future they will be stored as a different type depending on the ColumnTransformer inputs.
To use the new behavior now and suppress this warning, use ColumnTransformer(force_int_remainder_cols=False).

  warnings.warn(
/usr/local/lib/python3.13/dist-packages/sklearn/compose/_column_transformer.py:1667: FutureWarning: 
The format of the columns of the 'remainder' transformer in ColumnTransformer.transformers_ will change in version 1.7 to match the format of the other transformers.
At the moment the remainder columns are stored as indices (of type int). With the same ColumnTransformer configuration, in the future they will be stored as a different type depending on the ColumnTransformer inputs.
To use the new behavior now and suppress this warning, use ColumnTransformer(force_int_remainder_cols=False).

  warnings.warn(
source_s90401_p16 k 0 -0.4167 7s
/usr/local/lib/python3.13/dist-packages/sklearn/compose/_column_transformer.py:1667: FutureWarning: 
The format of the columns of the 'remainder' transformer in ColumnTransformer.transformers_ will change in version 1.7 to match the format of the other transformers.
At the moment the remainder columns are stored as indices (of type int). With the same ColumnTransformer configuration, in the future they will be stored as a different type depending on the ColumnTransformer inputs.
To use the new behavior now and suppress this warning, use ColumnTransformer(force_int_remainder_cols=False).

  warnings.warn(
/usr/local/lib/python3.13/dist-packages/sklearn/compose/_column_transformer.py:1667: FutureWarning: 
The format of the columns of the 'remainder' transformer in ColumnTransformer.transformers_ will change in version 1.7 to match the format of the other transformers.
At the moment the remainder columns are stored as indices (of type int). With the same ColumnTransformer configuration, in the future they will be stored as a different type depending on the ColumnTransformer inputs.
To use the new behavior now and suppress this warning, use ColumnTransformer(force_int_remainder_cols=False).

  warnings.warn(
/usr/local/lib/python3.13/dist-packages/sklearn/compose/_column_transformer.py:1667: FutureWarning: 
The format of the columns of the 'remainder' transformer in ColumnTransformer.transformers_ will change in version 1.7 to match the format of the other transformers.
At the moment the remainder columns are stored as indices (of type int). With the same ColumnTransformer configuration, in the future they will be stored as a different type depending on the ColumnTransformer inputs.
To use the new behavior now and suppress this warning, use ColumnTransformer(force_int_remainder_cols=False).

  warnings.warn(
/usr/local/lib/python3.13/dist-packages/sklearn/compose/_column_transformer.py:1667: FutureWarning: 
The format of the columns of the 'remainder' transformer in ColumnTransformer.transformers_ will change in version 1.7 to match the format of the other transformers.
At the moment the remainder columns are stored as indices (of type int). With the same ColumnTransformer configuration, in the future they will be stored as a different type depending on the ColumnTransformer inputs.
To use the new behavior now and suppress this warning, use ColumnTransformer(force_int_remainder_cols=False).

  warnings.warn(
/usr/local/lib/python3.13/dist-packages/sklearn/compose/_column_transformer.py:1667: FutureWarning: 
The format of the columns of the 'remainder' transformer in ColumnTransformer.transformers_ will change in version 1.7 to match the format of the other transformers.
At the moment the remainder columns are stored as indices (of type int). With the same ColumnTransformer configuration, in the future they will be stored as a different type depending on the ColumnTransformer inputs.
To use the new behavior now and suppress this warning, use ColumnTransformer(force_int_remainder_cols=False).

  warnings.warn(
/usr/local/lib/python3.13/dist-packages/sklearn/compose/_column_transformer.py:1667: FutureWarning: 
The format of the columns of the 'remainder' transformer in ColumnTransformer.transformers_ will change in version 1.7 to match the format of the other transformers.
At the moment the remainder columns are stored as indices (of type int). With the same ColumnTransformer configuration, in the future they will be stored as a different type depending on the ColumnTransformer inputs.
To use the new behavior now and suppress this warning, use ColumnTransformer(force_int_remainder_cols=False).

  warnings.warn(
/usr/local/lib/python3.13/dist-packages/sklearn/compose/_column_transformer.py:1667: FutureWarning: 
The format of the columns of the 'remainder' transformer in ColumnTransformer.transformers_ will change in version 1.7 to match the format of the other transformers.
At the moment the remainder columns are stored as indices (of type int). With the same ColumnTransformer configuration, in the future they will be stored as a different type depending on the ColumnTransformer inputs.
To use the new behavior now and suppress this warning, use ColumnTransformer(force_int_remainder_cols=False).

  warnings.warn(
/usr/local/lib/python3.13/dist-packages/sklearn/compose/_column_transformer.py:1667: FutureWarning: 
The format of the columns of the 'remainder' transformer in ColumnTransformer.transformers_ will change in version 1.7 to match the format of the other transformers.
At the moment the remainder columns are stored as indices (of type int). With the same ColumnTransformer configuration, in the future they will be stored as a different type depending on the ColumnTransformer inputs.
To use the new behavior now and suppress this warning, use ColumnTransformer(force_int_remainder_cols=False).

  warnings.warn(
/usr/local/lib/python3.13/dist-packages/sklearn/compose/_column_transformer.py:1667: FutureWarning: 
The format of the columns of the 'remainder' transformer in ColumnTransformer.transformers_ will change in version 1.7 to match the format of the other transformers.
At the moment the remainder columns are stored as indices (of type int). With the same ColumnTransformer configuration, in the future they will be stored as a different type depending on the ColumnTransformer inputs.
To use the new behavior now and suppress this warning, use ColumnTransformer(force_int_remainder_cols=False).

  warnings.warn(
/usr/local/lib/python3.13/dist-packages/sklearn/compose/_column_transformer.py:1667: FutureWarning: 
The format of the columns of the 'remainder' transformer in ColumnTransformer.transformers_ will change in version 1.7 to match the format of the other transformers.
At the moment the remainder columns are stored as indices (of type int). With the same ColumnTransformer configuration, in the future they will be stored as a different type depending on the ColumnTransformer inputs.
To use the new behavior now and suppress this warning, use ColumnTransformer(force_int_remainder_cols=False).

  warnings.warn(
/usr/local/lib/python3.13/dist-packages/sklearn/compose/_column_transformer.py:1667: FutureWarning: 
The format of the columns of the 'remainder' transformer in ColumnTransformer.transformers_ will change in version 1.7 to match the format of the other transformers.
At the moment the remainder columns are stored as indices (of type int). With the same ColumnTransformer configuration, in the future they will be stored as a different type depending on the ColumnTransformer inputs.
To use the new behavior now and suppress this warning, use ColumnTransformer(force_int_remainder_cols=False).

  warnings.warn(
/usr/local/lib/python3.13/dist-packages/sklearn/compose/_column_transformer.py:1667: FutureWarning: 
The format of the columns of the 'remainder' transformer in ColumnTransformer.transformers_ will change in version 1.7 to match the format of the other transformers.
At the moment the remainder columns are stored as indices (of type int). With the same ColumnTransformer configuration, in the future they will be stored as a different type depending on the ColumnTransformer inputs.
To use the new behavior now and suppress this warning, use ColumnTransformer(force_int_remainder_cols=False).

  warnings.warn(
/usr/local/lib/python3.13/dist-packages/sklearn/compose/_column_transformer.py:1667: FutureWarning: 
The format of the columns of the 'remainder' transformer in ColumnTransformer.transformers_ will change in version 1.7 to match the format of the other transformers.
At the moment the remainder columns are stored as indices (of type int). With the same ColumnTransformer configuration, in the future they will be stored as a different type depending on the ColumnTransformer inputs.
To use the new behavior now and suppress this warning, use ColumnTransformer(force_int_remainder_cols=False).

  warnings.warn(
/usr/local/lib/python3.13/dist-packages/sklearn/compose/_column_transformer.py:1667: FutureWarning: 
The format of the columns of the 'remainder' transformer in ColumnTransformer.transformers_ will change in version 1.7 to match the format of the other transformers.
At the moment the remainder columns are stored as indices (of type int). With the same ColumnTransformer configuration, in the future they will be stored as a different type depending on the ColumnTransformer inputs.
To use the new behavior now and suppress this warning, use ColumnTransformer(force_int_remainder_cols=False).

  warnings.warn(
/usr/local/lib/python3.13/dist-packages/sklearn/compose/_column_transformer.py:1667: FutureWarning: 
The format of the columns of the 'remainder' transformer in ColumnTransformer.transformers_ will change in version 1.7 to match the format of the other transformers.
At the moment the remainder columns are stored as indices (of type int). With the same ColumnTransformer configuration, in the future they will be stored as a different type depending on the ColumnTransformer inputs.
To use the new behavior now and suppress this warning, use ColumnTransformer(force_int_remainder_cols=False).

  warnings.warn(
/usr/local/lib/python3.13/dist-packages/sklearn/compose/_column_transformer.py:1667: FutureWarning: 
The format of the columns of the 'remainder' transformer in ColumnTransformer.transformers_ will change in version 1.7 to match the format of the other transformers.
At the moment the remainder columns are stored as indices (of type int). With the same ColumnTransformer configuration, in the future they will be stored as a different type depending on the ColumnTransformer inputs.
To use the new behavior now and suppress this warning, use ColumnTransformer(force_int_remainder_cols=False).

  warnings.warn(
source_s90401_p16 k 1 -0.4893 10s
/usr/local/lib/python3.13/dist-packages/sklearn/compose/_column_transformer.py:1667: FutureWarning: 
The format of the columns of the 'remainder' transformer in ColumnTransformer.transformers_ will change in version 1.7 to match the format of the other transformers.
At the moment the remainder columns are stored as indices (of type int). With the same ColumnTransformer configuration, in the future they will be stored as a different type depending on the ColumnTransformer inputs.
To use the new behavior now and suppress this warning, use ColumnTransformer(force_int_remainder_cols=False).

  warnings.warn(
/usr/local/lib/python3.13/dist-packages/sklearn/compose/_column_transformer.py:1667: FutureWarning: 
The format of the columns of the 'remainder' transformer in ColumnTransformer.transformers_ will change in version 1.7 to match the format of the other transformers.
At the moment the remainder columns are stored as indices (of type int). With the same ColumnTransformer configuration, in the future they will be stored as a different type depending on the ColumnTransformer inputs.
To use the new behavior now and suppress this warning, use ColumnTransformer(force_int_remainder_cols=False).

  warnings.warn(
/usr/local/lib/python3.13/dist-packages/sklearn/compose/_column_transformer.py:1667: FutureWarning: 
The format of the columns of the 'remainder' transformer in ColumnTransformer.transformers_ will change in version 1.7 to match the format of the other transformers.
At the moment the remainder columns are stored as indices (of type int). With the same ColumnTransformer configuration, in the future they will be stored as a different type depending on the ColumnTransformer inputs.
To use the new behavior now and suppress this warning, use ColumnTransformer(force_int_remainder_cols=False).

  warnings.warn(
/usr/local/lib/python3.13/dist-packages/sklearn/compose/_column_transformer.py:1667: FutureWarning: 
The format of the columns of the 'remainder' transformer in ColumnTransformer.transformers_ will change in version 1.7 to match the format of the other transformers.
At the moment the remainder columns are stored as indices (of type int). With the same ColumnTransformer configuration, in the future they will be stored as a different type depending on the ColumnTransformer inputs.
To use the new behavior now and suppress this warning, use ColumnTransformer(force_int_remainder_cols=False).

  warnings.warn(
/usr/local/lib/python3.13/dist-packages/sklearn/compose/_column_transformer.py:1667: FutureWarning: 
The format of the columns of the 'remainder' transformer in ColumnTransformer.transformers_ will change in version 1.7 to match the format of the other transformers.
At the moment the remainder columns are stored as indices (of type int). With the same ColumnTransformer configuration, in the future they will be stored as a different type depending on the ColumnTransformer inputs.
To use the new behavior now and suppress this warning, use ColumnTransformer(force_int_remainder_cols=False).

  warnings.warn(
/usr/local/lib/python3.13/dist-packages/sklearn/compose/_column_transformer.py:1667: FutureWarning: 
The format of the columns of the 'remainder' transformer in ColumnTransformer.transformers_ will change in version 1.7 to match the format of the other transformers.
At the moment the remainder columns are stored as indices (of type int). With the same ColumnTransformer configuration, in the future they will be stored as a different type depending on the ColumnTransformer inputs.
To use the new behavior now and suppress this warning, use ColumnTransformer(force_int_remainder_cols=False).

  warnings.warn(
/usr/local/lib/python3.13/dist-packages/sklearn/compose/_column_transformer.py:1667: FutureWarning: 
The format of the columns of the 'remainder' transformer in ColumnTransformer.transformers_ will change in version 1.7 to match the format of the other transformers.
At the moment the remainder columns are stored as indices (of type int). With the same ColumnTransformer configuration, in the future they will be stored as a different type depending on the ColumnTransformer inputs.
To use the new behavior now and suppress this warning, use ColumnTransformer(force_int_remainder_cols=False).

  warnings.warn(
/usr/local/lib/python3.13/dist-packages/sklearn/compose/_column_transformer.py:1667: FutureWarning: 
The format of the columns of the 'remainder' transformer in ColumnTransformer.transformers_ will change in version 1.7 to match the format of the other transformers.
At the moment the remainder columns are stored as indices (of type int). With the same ColumnTransformer configuration, in the future they will be stored as a different type depending on the ColumnTransformer inputs.
To use the new behavior now and suppress this warning, use ColumnTransformer(force_int_remainder_cols=False).

  warnings.warn(
/usr/local/lib/python3.13/dist-packages/sklearn/compose/_column_transformer.py:1667: FutureWarning: 
The format of the columns of the 'remainder' transformer in ColumnTransformer.transformers_ will change in version 1.7 to match the format of the other transformers.
At the moment the remainder columns are stored as indices (of type int). With the same ColumnTransformer configuration, in the future they will be stored as a different type depending on the ColumnTransformer inputs.
To use the new behavior now and suppress this warning, use ColumnTransformer(force_int_remainder_cols=False).

  warnings.warn(
/usr/local/lib/python3.13/dist-packages/sklearn/compose/_column_transformer.py:1667: FutureWarning: 
The format of the columns of the 'remainder' transformer in ColumnTransformer.transformers_ will change in version 1.7 to match the format of the other transformers.
At the moment the remainder columns are stored as indices (of type int). With the same ColumnTransformer configuration, in the future they will be stored as a different type depending on the ColumnTransformer inputs.
To use the new behavior now and suppress this warning, use ColumnTransformer(force_int_remainder_cols=False).

  warnings.warn(
/usr/local/lib/python3.13/dist-packages/sklearn/compose/_column_transformer.py:1667: FutureWarning: 
The format of the columns of the 'remainder' transformer in ColumnTransformer.transformers_ will change in version 1.7 to match the format of the other transformers.
At the moment the remainder columns are stored as indices (of type int). With the same ColumnTransformer configuration, in the future they will be stored as a different type depending on the ColumnTransformer inputs.
To use the new behavior now and suppress this warning, use ColumnTransformer(force_int_remainder_cols=False).

  warnings.warn(
/usr/local/lib/python3.13/dist-packages/sklearn/compose/_column_transformer.py:1667: FutureWarning: 
The format of the columns of the 'remainder' transformer in ColumnTransformer.transformers_ will change in version 1.7 to match the format of the other transformers.
At the moment the remainder columns are stored as indices (of type int). With the same ColumnTransformer configuration, in the future they will be stored as a different type depending on the ColumnTransformer inputs.
To use the new behavior now and suppress this warning, use ColumnTransformer(force_int_remainder_cols=False).

  warnings.warn(
/usr/local/lib/python3.13/dist-packages/sklearn/compose/_column_transformer.py:1667: FutureWarning: 
The format of the columns of the 'remainder' transformer in ColumnTransformer.transformers_ will change in version 1.7 to match the format of the other transformers.
At the moment the remainder columns are stored as indices (of type int). With the same ColumnTransformer configuration, in the future they will be stored as a different type depending on the ColumnTransformer inputs.
To use the new behavior now and suppress this warning, use ColumnTransformer(force_int_remainder_cols=False).

  warnings.warn(
/usr/local/lib/python3.13/dist-packages/sklearn/compose/_column_transformer.py:1667: FutureWarning: 
The format of the columns of the 'remainder' transformer in ColumnTransformer.transformers_ will change in version 1.7 to match the format of the other transformers.
At the moment the remainder columns are stored as indices (of type int). With the same ColumnTransformer configuration, in the future they will be stored as a different type depending on the ColumnTransformer inputs.
To use the new behavior now and suppress this warning, use ColumnTransformer(force_int_remainder_cols=False).

  warnings.warn(
/usr/local/lib/python3.13/dist-packages/sklearn/compose/_column_transformer.py:1667: FutureWarning: 
The format of the columns of the 'remainder' transformer in ColumnTransformer.transformers_ will change in version 1.7 to match the format of the other transformers.
At the moment the remainder columns are stored as indices (of type int). With the same ColumnTransformer configuration, in the future they will be stored as a different type depending on the ColumnTransformer inputs.
To use the new behavior now and suppress this warning, use ColumnTransformer(force_int_remainder_cols=False).

  warnings.warn(
/usr/local/lib/python3.13/dist-packages/sklearn/compose/_column_transformer.py:1667: FutureWarning: 
The format of the columns of the 'remainder' transformer in ColumnTransformer.transformers_ will change in version 1.7 to match the format of the other transformers.
At the moment the remainder columns are stored as indices (of type int). With the same ColumnTransformer configuration, in the future they will be stored as a different type depending on the ColumnTransformer inputs.
To use the new behavior now and suppress this warning, use ColumnTransformer(force_int_remainder_cols=False).

  warnings.warn(
source_s90401_p16 k 2 -0.4834 13s
/usr/local/lib/python3.13/dist-packages/sklearn/compose/_column_transformer.py:1667: FutureWarning: 
The format of the columns of the 'remainder' transformer in ColumnTransformer.transformers_ will change in version 1.7 to match the format of the other transformers.
At the moment the remainder columns are stored as indices (of type int). With the same ColumnTransformer configuration, in the future they will be stored as a different type depending on the ColumnTransformer inputs.
To use the new behavior now and suppress this warning, use ColumnTransformer(force_int_remainder_cols=False).

  warnings.warn(
/usr/local/lib/python3.13/dist-packages/sklearn/compose/_column_transformer.py:1667: FutureWarning: 
The format of the columns of the 'remainder' transformer in ColumnTransformer.transformers_ will change in version 1.7 to match the format of the other transformers.
At the moment the remainder columns are stored as indices (of type int). With the same ColumnTransformer configuration, in the future they will be stored as a different type depending on the ColumnTransformer inputs.
To use the new behavior now and suppress this warning, use ColumnTransformer(force_int_remainder_cols=False).

  warnings.warn(
/usr/local/lib/python3.13/dist-packages/sklearn/compose/_column_transformer.py:1667: FutureWarning: 
The format of the columns of the 'remainder' transformer in ColumnTransformer.transformers_ will change in version 1.7 to match the format of the other transformers.
At the moment the remainder columns are stored as indices (of type int). With the same ColumnTransformer configuration, in the future they will be stored as a different type depending on the ColumnTransformer inputs.
To use the new behavior now and suppress this warning, use ColumnTransformer(force_int_remainder_cols=False).

  warnings.warn(
/usr/local/lib/python3.13/dist-packages/sklearn/compose/_column_transformer.py:1667: FutureWarning: 
The format of the columns of the 'remainder' transformer in ColumnTransformer.transformers_ will change in version 1.7 to match the format of the other transformers.
At the moment the remainder columns are stored as indices (of type int). With the same ColumnTransformer configuration, in the future they will be stored as a different type depending on the ColumnTransformer inputs.
To use the new behavior now and suppress this warning, use ColumnTransformer(force_int_remainder_cols=False).

  warnings.warn(
/usr/local/lib/python3.13/dist-packages/sklearn/compose/_column_transformer.py:1667: FutureWarning: 
The format of the columns of the 'remainder' transformer in ColumnTransformer.transformers_ will change in version 1.7 to match the format of the other transformers.
At the moment the remainder columns are stored as indices (of type int). With the same ColumnTransformer configuration, in the future they will be stored as a different type depending on the ColumnTransformer inputs.
To use the new behavior now and suppress this warning, use ColumnTransformer(force_int_remainder_cols=False).

  warnings.warn(
/usr/local/lib/python3.13/dist-packages/sklearn/compose/_column_transformer.py:1667: FutureWarning: 
The format of the columns of the 'remainder' transformer in ColumnTransformer.transformers_ will change in version 1.7 to match the format of the other transformers.
At the moment the remainder columns are stored as indices (of type int). With the same ColumnTransformer configuration, in the future they will be stored as a different type depending on the ColumnTransformer inputs.
To use the new behavior now and suppress this warning, use ColumnTransformer(force_int_remainder_cols=False).

  warnings.warn(
/usr/local/lib/python3.13/dist-packages/sklearn/compose/_column_transformer.py:1667: FutureWarning: 
The format of the columns of the 'remainder' transformer in ColumnTransformer.transformers_ will change in version 1.7 to match the format of the other transformers.
At the moment the remainder columns are stored as indices (of type int). With the same ColumnTransformer configuration, in the future they will be stored as a different type depending on the ColumnTransformer inputs.
To use the new behavior now and suppress this warning, use ColumnTransformer(force_int_remainder_cols=False).

  warnings.warn(
/usr/local/lib/python3.13/dist-packages/sklearn/compose/_column_transformer.py:1667: FutureWarning: 
The format of the columns of the 'remainder' transformer in ColumnTransformer.transformers_ will change in version 1.7 to match the format of the other transformers.
At the moment the remainder columns are stored as indices (of type int). With the same ColumnTransformer configuration, in the future they will be stored as a different type depending on the ColumnTransformer inputs.
To use the new behavior now and suppress this warning, use ColumnTransformer(force_int_remainder_cols=False).

  warnings.warn(
/usr/local/lib/python3.13/dist-packages/sklearn/compose/_column_transformer.py:1667: FutureWarning: 
The format of the columns of the 'remainder' transformer in ColumnTransformer.transformers_ will change in version 1.7 to match the format of the other transformers.
At the moment the remainder columns are stored as indices (of type int). With the same ColumnTransformer configuration, in the future they will be stored as a different type depending on the ColumnTransformer inputs.
To use the new behavior now and suppress this warning, use ColumnTransformer(force_int_remainder_cols=False).

  warnings.warn(
/usr/local/lib/python3.13/dist-packages/sklearn/compose/_column_transformer.py:1667: FutureWarning: 
The format of the columns of the 'remainder' transformer in ColumnTransformer.transformers_ will change in version 1.7 to match the format of the other transformers.
At the moment the remainder columns are stored as indices (of type int). With the same ColumnTransformer configuration, in the future they will be stored as a different type depending on the ColumnTransformer inputs.
To use the new behavior now and suppress this warning, use ColumnTransformer(force_int_remainder_cols=False).

  warnings.warn(
/usr/local/lib/python3.13/dist-packages/sklearn/compose/_column_transformer.py:1667: FutureWarning: 
The format of the columns of the 'remainder' transformer in ColumnTransformer.transformers_ will change in version 1.7 to match the format of the other transformers.
At the moment the remainder columns are stored as indices (of type int). With the same ColumnTransformer configuration, in the future they will be stored as a different type depending on the ColumnTransformer inputs.
To use the new behavior now and suppress this warning, use ColumnTransformer(force_int_remainder_cols=False).

  warnings.warn(
/usr/local/lib/python3.13/dist-packages/sklearn/compose/_column_transformer.py:1667: FutureWarning: 
The format of the columns of the 'remainder' transformer in ColumnTransformer.transformers_ will change in version 1.7 to match the format of the other transformers.
At the moment the remainder columns are stored as indices (of type int). With the same ColumnTransformer configuration, in the future they will be stored as a different type depending on the ColumnTransformer inputs.
To use the new behavior now and suppress this warning, use ColumnTransformer(force_int_remainder_cols=False).

  warnings.warn(
/usr/local/lib/python3.13/dist-packages/sklearn/compose/_column_transformer.py:1667: FutureWarning: 
The format of the columns of the 'remainder' transformer in ColumnTransformer.transformers_ will change in version 1.7 to match the format of the other transformers.
At the moment the remainder columns are stored as indices (of type int). With the same ColumnTransformer configuration, in the future they will be stored as a different type depending on the ColumnTransformer inputs.
To use the new behavior now and suppress this warning, use ColumnTransformer(force_int_remainder_cols=False).

  warnings.warn(
/usr/local/lib/python3.13/dist-packages/sklearn/compose/_column_transformer.py:1667: FutureWarning: 
The format of the columns of the 'remainder' transformer in ColumnTransformer.transformers_ will change in version 1.7 to match the format of the other transformers.
At the moment the remainder columns are stored as indices (of type int). With the same ColumnTransformer configuration, in the future they will be stored as a different type depending on the ColumnTransformer inputs.
To use the new behavior now and suppress this warning, use ColumnTransformer(force_int_remainder_cols=False).

  warnings.warn(
/usr/local/lib/python3.13/dist-packages/sklearn/compose/_column_transformer.py:1667: FutureWarning: 
The format of the columns of the 'remainder' transformer in ColumnTransformer.transformers_ will change in version 1.7 to match the format of the other transformers.
At the moment the remainder columns are stored as indices (of type int). With the same ColumnTransformer configuration, in the future they will be stored as a different type depending on the ColumnTransformer inputs.
To use the new behavior now and suppress this warning, use ColumnTransformer(force_int_remainder_cols=False).

  warnings.warn(
/usr/local/lib/python3.13/dist-packages/sklearn/compose/_column_transformer.py:1667: FutureWarning: 
The format of the columns of the 'remainder' transformer in ColumnTransformer.transformers_ will change in version 1.7 to match the format of the other transformers.
At the moment the remainder columns are stored as indices (of type int). With the same ColumnTransformer configuration, in the future they will be stored as a different type depending on the ColumnTransformer inputs.
To use the new behavior now and suppress this warning, use ColumnTransformer(force_int_remainder_cols=False).

  warnings.warn(
source_s90401_p16 k 3 -0.4156 15s
