{"episode_id": "synthetic_k2_g0_s74000", "mode": "native", "expected_nll": 0.6471873490231939, "empirical_nll": 0.6481892647216536, "seconds": 3.518035588}
{"episode_id": "synthetic_k2_g0_s74000", "mode": "identity", "expected_nll": 0.6346703351091588, "empirical_nll": 0.6392688664870082, "seconds": 0.9975303450000013}
{"episode_id": "synthetic_k2_g0_s74000", "mode": "trained", "expected_nll": 0.6346703351091588, "empirical_nll": 0.6392688664870082, "seconds": 0.8686261670000022}
{"episode_id": "synthetic_k2_g0_s74000", "mode": "heuristic", "expected_nll": 0.6346703351091588, "empirical_nll": 0.6392688664870082, "seconds": 0.7802591030000023}
{"episode_id": "synthetic_k2_g0_s74000", "mode": "matched_linear", "expected_nll": 0.6346703351091588, "empirical_nll": 0.6392688664870082, "seconds": 0.7795060070000019}
{"episode_id": "synthetic_k2_g0_s74000", "mode": "cv_basis", "expected_nll": 0.6379927363900355, "empirical_nll": 0.6482475624318298, "seconds": 0.8212091660000027}
{"episode_id": "synthetic_k2_g0_s74000", "mode": "random_basis", "expected_nll": 0.6346703351091588, "empirical_nll": 0.6392688664870082, "seconds": 0.9039593529999976}
{"episode_id": "synthetic_k2_g0_s74000", "mode": "deepsets", "expected_nll": 0.6346703351091588, "empirical_nll": 0.6392688664870082, "seconds": 0.8244468130000016}
{"episode_id": "synthetic_k2_g0_s74000", "mode": "shuffled", "expected_nll": 0.6557170802893673, "empirical_nll": 0.6628774139600939, "seconds": 0.7361102559999999}
{"episode_id": "synthetic_k2_g0_s74001", "mode": "native", "expected_nll": 0.6477327060704251, "empirical_nll": 0.6583505408479412, "seconds": 0.7056784610000015}
{"episode_id": "synthetic_k2_g0_s74001", "mode": "identity", "expected_nll": 0.6500631706191382, "empirical_nll": 0.6599087056386175, "seconds": 0.737939450999999}
{"episode_id": "synthetic_k2_g0_s74001", "mode": "trained", "expected_nll": 0.6500631706191382, "empirical_nll": 0.6599087056386175, "seconds": 0.7263384320000021}
{"episode_id": "synthetic_k2_g0_s74001", "mode": "heuristic", "expected_nll": 0.6500631706191382, "empirical_nll": 0.6599087056386175, "seconds": 0.7271325590000011}
{"episode_id": "synthetic_k2_g0_s74001", "mode": "matched_linear", "expected_nll": 0.6500631706191382, "empirical_nll": 0.6599087056386175, "seconds": 0.7160435629999995}
{"episode_id": "synthetic_k2_g0_s74001", "mode": "cv_basis", "expected_nll": 0.6555413388351934, "empirical_nll": 0.6659624482251472, "seconds": 0.7107243680000046}
{"episode_id": "synthetic_k2_g0_s74001", "mode": "random_basis", "expected_nll": 0.6524254857797573, "empirical_nll": 0.6651702255110447, "seconds": 0.7559832479999997}
{"episode_id": "synthetic_k2_g0_s74001", "mode": "deepsets", "expected_nll": 0.6500631706191382, "empirical_nll": 0.6599087056386175, "seconds": 0.7605008479999995}
{"episode_id": "synthetic_k2_g0_s74001", "mode": "shuffled", "expected_nll": 0.6568926549180814, "empirical_nll": 0.6645087753789058, "seconds": 0.7633521979999998}
{"episode_id": "synthetic_k2_g0_s74002", "mode": "native", "expected_nll": 0.6297310505521166, "empirical_nll": 0.6598981612388042, "seconds": 0.705469721}
{"episode_id": "synthetic_k2_g0_s74002", "mode": "identity", "expected_nll": 0.629377076489488, "empirical_nll": 0.6604625835890838, "seconds": 0.7530931269999996}
{"episode_id": "synthetic_k2_g0_s74002", "mode": "trained", "expected_nll": 0.629377076489488, "empirical_nll": 0.6604625835890838, "seconds": 0.6810723939999974}
{"episode_id": "synthetic_k2_g0_s74002", "mode": "heuristic", "expected_nll": 0.629377076489488, "empirical_nll": 0.6604625835890838, "seconds": 0.7223979880000044}
{"episode_id": "synthetic_k2_g0_s74002", "mode": "matched_linear", "expected_nll": 0.629377076489488, "empirical_nll": 0.6604625835890838, "seconds": 0.7674693949999991}
{"episode_id": "synthetic_k2_g0_s74002", "mode": "cv_basis", "expected_nll": 0.630192451038387, "empirical_nll": 0.6570232377477101, "seconds": 0.7283145689999984}
{"episode_id": "synthetic_k2_g0_s74002", "mode": "random_basis", "expected_nll": 0.629377076489488, "empirical_nll": 0.6604625835890838, "seconds": 0.7268580549999939}
{"episode_id": "synthetic_k2_g0_s74002", "mode": "deepsets", "expected_nll": 0.629377076489488, "empirical_nll": 0.6604625835890838, "seconds": 0.7961874069999979}
{"episode_id": "synthetic_k2_g0_s74002", "mode": "shuffled", "expected_nll": 0.6325624774778295, "empirical_nll": 0.6574008160950848, "seconds": 0.7562988500000003}
{"episode_id": "synthetic_k2_g0.9_s74000", "mode": "native", "expected_nll": 0.274052577756716, "empirical_nll": 0.26231431162800295, "seconds": 0.6831497140000025}
{"episode_id": "synthetic_k2_g0.9_s74000", "mode": "identity", "expected_nll": 0.21248634606464917, "empirical_nll": 0.19345770649006377, "seconds": 0.6984146469999999}
{"episode_id": "synthetic_k2_g0.9_s74000", "mode": "trained", "expected_nll": 0.19799719476003624, "empirical_nll": 0.17684965785746148, "seconds": 0.7352682360000031}
{"episode_id": "synthetic_k2_g0.9_s74000", "mode": "heuristic", "expected_nll": 0.19799719476003624, "empirical_nll": 0.17684965785746148, "seconds": 0.7080135289999987}
{"episode_id": "synthetic_k2_g0.9_s74000", "mode": "matched_linear", "expected_nll": 0.21248634606464917, "empirical_nll": 0.19345770649006377, "seconds": 0.7340080560000004}
{"episode_id": "synthetic_k2_g0.9_s74000", "mode": "cv_basis", "expected_nll": 0.19799719476003624, "empirical_nll": 0.17684965785746148, "seconds": 0.7697897049999938}
{"episode_id": "synthetic_k2_g0.9_s74000", "mode": "random_basis", "expected_nll": 0.21248634606464917, "empirical_nll": 0.19345770649006377, "seconds": 0.6978378439999986}
{"episode_id": "synthetic_k2_g0.9_s74000", "mode": "deepsets", "expected_nll": 0.19799719476003624, "empirical_nll": 0.17684965785746148, "seconds": 0.8375304309999976}
{"episode_id": "synthetic_k2_g0.9_s74000", "mode": "shuffled", "expected_nll": 0.25145279043220736, "empirical_nll": 0.24027053170102364, "seconds": 0.7554361590000056}
{"episode_id": "synthetic_k2_g0.9_s74001", "mode": "native", "expected_nll": 0.29886859644545616, "empirical_nll": 0.16563934751676618, "seconds": 0.6610868459999963}
{"episode_id": "synthetic_k2_g0.9_s74001", "mode": "identity", "expected_nll": 0.32264778416103523, "empirical_nll": 0.1670994853782514, "seconds": 0.6873709010000013}
{"episode_id": "synthetic_k2_g0.9_s74001", "mode": "trained", "expected_nll": 0.28971040235121254, "empirical_nll": 0.1493999987982948, "seconds": 0.6916776200000001}
{"episode_id": "synthetic_k2_g0.9_s74001", "mode": "heuristic", "expected_nll": 0.28971040235121254, "empirical_nll": 0.1493999987982948, "seconds": 0.7348497420000015}
{"episode_id": "synthetic_k2_g0.9_s74001", "mode": "matched_linear", "expected_nll": 0.32264778416103523, "empirical_nll": 0.1670994853782514, "seconds": 0.6651171550000043}
{"episode_id": "synthetic_k2_g0.9_s74001", "mode": "cv_basis", "expected_nll": 0.28971040235121254, "empirical_nll": 0.1493999987982948, "seconds": 0.7391352810000029}
{"episode_id": "synthetic_k2_g0.9_s74001", "mode": "random_basis", "expected_nll": 0.3519872815179276, "empirical_nll": 0.1795307702242587, "seconds": 0.7296765629999982}
{"episode_id": "synthetic_k2_g0.9_s74001", "mode": "deepsets", "expected_nll": 0.28971040235121254, "empirical_nll": 0.1493999987982948, "seconds": 0.8007198930000001}
{"episode_id": "synthetic_k2_g0.9_s74001", "mode": "shuffled", "expected_nll": 0.29613358577503585, "empirical_nll": 0.16056390491742925, "seconds": 0.714048603000002}
{"episode_id": "synthetic_k2_g0.9_s74002", "mode": "native", "expected_nll": 0.23679137568858058, "empirical_nll": 0.2097247256767838, "seconds": 0.7028435749999957}
{"episode_id": "synthetic_k2_g0.9_s74002", "mode": "identity", "expected_nll": 0.22254409864522576, "empirical_nll": 0.20305153225827502, "seconds": 0.7463851340000005}
{"episode_id": "synthetic_k2_g0.9_s74002", "mode": "trained", "expected_nll": 0.20798459807713365, "empirical_nll": 0.19294084179623533, "seconds": 0.7435273879999968}
{"episode_id": "synthetic_k2_g0.9_s74002", "mode": "heuristic", "expected_nll": 0.20798459807713365, "empirical_nll": 0.19294084179623533, "seconds": 0.685129357000001}
{"episode_id": "synthetic_k2_g0.9_s74002", "mode": "matched_linear", "expected_nll": 0.22254409864522576, "empirical_nll": 0.20305153225827502, "seconds": 0.7180357339999972}
{"episode_id": "synthetic_k2_g0.9_s74002", "mode": "cv_basis", "expected_nll": 0.20798459807713365, "empirical_nll": 0.19294084179623533, "seconds": 0.6783855080000052}
{"episode_id": "synthetic_k2_g0.9_s74002", "mode": "random_basis", "expected_nll": 0.22254409864522576, "empirical_nll": 0.20305153225827502, "seconds": 0.7057195489999941}
{"episode_id": "synthetic_k2_g0.9_s74002", "mode": "deepsets", "expected_nll": 0.20798459807713365, "empirical_nll": 0.19294084179623533, "seconds": 0.7086324309999981}
{"episode_id": "synthetic_k2_g0.9_s74002", "mode": "shuffled", "expected_nll": 0.22440330455823293, "empirical_nll": 0.21083457446372267, "seconds": 0.7576338329999999}
{"episode_id": "synthetic_k4_g0_s74000", "mode": "native", "expected_nll": 0.6264362715942847, "empirical_nll": 0.6287415932599449, "seconds": 0.6710904419999935}
{"episode_id": "synthetic_k4_g0_s74000", "mode": "identity", "expected_nll": 0.6282406063322651, "empirical_nll": 0.6339649655448705, "seconds": 0.671689354999998}
{"episode_id": "synthetic_k4_g0_s74000", "mode": "trained", "expected_nll": 0.6282406063322651, "empirical_nll": 0.6339649655448705, "seconds": 0.698355578999994}
{"episode_id": "synthetic_k4_g0_s74000", "mode": "heuristic", "expected_nll": 0.6282406063322651, "empirical_nll": 0.6339649655448705, "seconds": 0.7010743690000112}
{"episode_id": "synthetic_k4_g0_s74000", "mode": "matched_linear", "expected_nll": 0.6282406063322651, "empirical_nll": 0.6339649655448705, "seconds": 0.7430378960000041}
{"episode_id": "synthetic_k4_g0_s74000", "mode": "cv_basis", "expected_nll": 0.6309541581453123, "empirical_nll": 0.6355970272677864, "seconds": 0.6956125359999987}
{"episode_id": "synthetic_k4_g0_s74000", "mode": "random_basis", "expected_nll": 0.6282406063322651, "empirical_nll": 0.6339649655448705, "seconds": 0.7621071150000063}
{"episode_id": "synthetic_k4_g0_s74000", "mode": "deepsets", "expected_nll": 0.6282406063322651, "empirical_nll": 0.6339649655448705, "seconds": 0.7280353149999996}
{"episode_id": "synthetic_k4_g0_s74000", "mode": "shuffled", "expected_nll": 0.6316604059655191, "empirical_nll": 0.6403611841006556, "seconds": 0.6729974299999952}
{"episode_id": "synthetic_k4_g0_s74001", "mode": "native", "expected_nll": 0.6435782658179869, "empirical_nll": 0.6116234457091563, "seconds": 0.7196170030000104}
{"episode_id": "synthetic_k4_g0_s74001", "mode": "identity", "expected_nll": 0.6421602669330007, "empirical_nll": 0.6157953030030237, "seconds": 0.7086755819999979}
{"episode_id": "synthetic_k4_g0_s74001", "mode": "trained", "expected_nll": 0.6421602669330007, "empirical_nll": 0.6157953030030237, "seconds": 0.7204161310000075}
{"episode_id": "synthetic_k4_g0_s74001", "mode": "heuristic", "expected_nll": 0.6421602669330007, "empirical_nll": 0.6157953030030237, "seconds": 0.690102342000003}
{"episode_id": "synthetic_k4_g0_s74001", "mode": "matched_linear", "expected_nll": 0.6421602669330007, "empirical_nll": 0.6157953030030237, "seconds": 0.7395937809999964}
{"episode_id": "synthetic_k4_g0_s74001", "mode": "cv_basis", "expected_nll": 0.6451839266247548, "empirical_nll": 0.6171881636569974, "seconds": 0.7674479450000007}
{"episode_id": "synthetic_k4_g0_s74001", "mode": "random_basis", "expected_nll": 0.652919099302707, "empirical_nll": 0.6113983997113456, "seconds": 0.6793272379999991}
{"episode_id": "synthetic_k4_g0_s74001", "mode": "deepsets", "expected_nll": 0.6421602669330007, "empirical_nll": 0.6157953030030237, "seconds": 0.7460279789999902}
{"episode_id": "synthetic_k4_g0_s74001", "mode": "shuffled", "expected_nll": 0.6661335902861605, "empirical_nll": 0.6481667753593275, "seconds": 0.7466809619999992}
{"episode_id": "synthetic_k4_g0_s74002", "mode": "native", "expected_nll": 0.6242250524663635, "empirical_nll": 0.6235214265895397, "seconds": 0.6356734340000116}
{"episode_id": "synthetic_k4_g0_s74002", "mode": "identity", "expected_nll": 0.6299769699213282, "empirical_nll": 0.6292374596263759, "seconds": 0.7580395380000056}
{"episode_id": "synthetic_k4_g0_s74002", "mode": "trained", "expected_nll": 0.6299769699213282, "empirical_nll": 0.6292374596263759, "seconds": 0.7301492519999897}
{"episode_id": "synthetic_k4_g0_s74002", "mode": "heuristic", "expected_nll": 0.6299769699213282, "empirical_nll": 0.6292374596263759, "seconds": 0.7254297890000032}
{"episode_id": "synthetic_k4_g0_s74002", "mode": "matched_linear", "expected_nll": 0.6299769699213282, "empirical_nll": 0.6292374596263759, "seconds": 0.7637654219999916}
{"episode_id": "synthetic_k4_g0_s74002", "mode": "cv_basis", "expected_nll": 0.6494382169234548, "empirical_nll": 0.6489178876300183, "seconds": 0.7920285650000096}
{"episode_id": "synthetic_k4_g0_s74002", "mode": "random_basis", "expected_nll": 0.6299769699213282, "empirical_nll": 0.6292374596263759, "seconds": 0.7495020899999929}
{"episode_id": "synthetic_k4_g0_s74002", "mode": "deepsets", "expected_nll": 0.6299769699213282, "empirical_nll": 0.6292374596263759, "seconds": 0.7239483099999973}
{"episode_id": "synthetic_k4_g0_s74002", "mode": "shuffled", "expected_nll": 0.6485220448926563, "empirical_nll": 0.646829717149522, "seconds": 0.7345273499999934}
{"episode_id": "synthetic_k4_g0.9_s74000", "mode": "native", "expected_nll": 0.5182289545930054, "empirical_nll": 0.4876060661765857, "seconds": 0.7048505859999921}
{"episode_id": "synthetic_k4_g0.9_s74000", "mode": "identity", "expected_nll": 0.29897716567940563, "empirical_nll": 0.2672881683096265, "seconds": 0.734819408000007}
{"episode_id": "synthetic_k4_g0.9_s74000", "mode": "trained", "expected_nll": 0.2218656237118948, "empirical_nll": 0.23018929132814822, "seconds": 0.70555086600001}
{"episode_id": "synthetic_k4_g0.9_s74000", "mode": "heuristic", "expected_nll": 0.2218656237118948, "empirical_nll": 0.23018929132814822, "seconds": 0.7435323320000009}
{"episode_id": "synthetic_k4_g0.9_s74000", "mode": "matched_linear", "expected_nll": 0.2218656237118948, "empirical_nll": 0.23018929132814822, "seconds": 0.7648612659999969}
{"episode_id": "synthetic_k4_g0.9_s74000", "mode": "cv_basis", "expected_nll": 0.2218656237118948, "empirical_nll": 0.23018929132814822, "seconds": 0.709144467999991}
{"episode_id": "synthetic_k4_g0.9_s74000", "mode": "random_basis", "expected_nll": 0.29897716567940563, "empirical_nll": 0.2672881683096265, "seconds": 0.7216111620000021}
{"episode_id": "synthetic_k4_g0.9_s74000", "mode": "deepsets", "expected_nll": 0.2218656237118948, "empirical_nll": 0.23018929132814822, "seconds": 0.7111454839999993}
{"episode_id": "synthetic_k4_g0.9_s74000", "mode": "shuffled", "expected_nll": 0.6012567316027324, "empirical_nll": 0.5955687464697019, "seconds": 0.7195984309999943}
{"episode_id": "synthetic_k4_g0.9_s74001", "mode": "native", "expected_nll": 0.5345893160102686, "empirical_nll": 0.5408652849577906, "seconds": 0.6863880760000001}
{"episode_id": "synthetic_k4_g0.9_s74001", "mode": "identity", "expected_nll": 0.38341029799326976, "empirical_nll": 0.3951273772599465, "seconds": 0.7723891330000043}
{"episode_id": "synthetic_k4_g0.9_s74001", "mode": "trained", "expected_nll": 0.19938825334611204, "empirical_nll": 0.25616193170866386, "seconds": 0.7161129870000025}
{"episode_id": "synthetic_k4_g0.9_s74001", "mode": "heuristic", "expected_nll": 0.19938825334611204, "empirical_nll": 0.25616193170866386, "seconds": 0.7396089730000028}
{"episode_id": "synthetic_k4_g0.9_s74001", "mode": "matched_linear", "expected_nll": 0.19938825334611204, "empirical_nll": 0.25616193170866386, "seconds": 0.747178942000005}
{"episode_id": "synthetic_k4_g0.9_s74001", "mode": "cv_basis", "expected_nll": 0.19938825334611204, "empirical_nll": 0.25616193170866386, "seconds": 0.7896528490000065}
{"episode_id": "synthetic_k4_g0.9_s74001", "mode": "random_basis", "expected_nll": 0.22882247162760022, "empirical_nll": 0.29306821509977987, "seconds": 0.7060843039999867}
{"episode_id": "synthetic_k4_g0.9_s74001", "mode": "deepsets", "expected_nll": 0.19938825334611204, "empirical_nll": 0.25616193170866386, "seconds": 0.7131439680000113}
{"episode_id": "synthetic_k4_g0.9_s74001", "mode": "shuffled", "expected_nll": 0.6315536375735387, "empirical_nll": 0.6107441124549503, "seconds": 0.7656016149999942}
{"episode_id": "synthetic_k4_g0.9_s74002", "mode": "native", "expected_nll": 0.3290372139274089, "empirical_nll": 0.4127826215934979, "seconds": 0.6381606959999999}
{"episode_id": "synthetic_k4_g0.9_s74002", "mode": "identity", "expected_nll": 0.25321496954385647, "empirical_nll": 0.3458711791490253, "seconds": 0.7247493039999995}
{"episode_id": "synthetic_k4_g0.9_s74002", "mode": "trained", "expected_nll": 0.20976121983979137, "empirical_nll": 0.293997276842929, "seconds": 0.7206049579999956}
{"episode_id": "synthetic_k4_g0.9_s74002", "mode": "heuristic", "expected_nll": 0.20976121983979137, "empirical_nll": 0.293997276842929, "seconds": 0.8138537460000066}
{"episode_id": "synthetic_k4_g0.9_s74002", "mode": "matched_linear", "expected_nll": 0.20976121983979137, "empirical_nll": 0.293997276842929, "seconds": 0.7394627500000013}
{"episode_id": "synthetic_k4_g0.9_s74002", "mode": "cv_basis", "expected_nll": 0.20976121983979137, "empirical_nll": 0.293997276842929, "seconds": 0.7874482999999941}
{"episode_id": "synthetic_k4_g0.9_s74002", "mode": "random_basis", "expected_nll": 0.25321496954385647, "empirical_nll": 0.3458711791490253, "seconds": 0.7173400070000042}
{"episode_id": "synthetic_k4_g0.9_s74002", "mode": "deepsets", "expected_nll": 0.20976121983979137, "empirical_nll": 0.293997276842929, "seconds": 0.6763084929999934}
{"episode_id": "synthetic_k4_g0.9_s74002", "mode": "shuffled", "expected_nll": 0.6369268210963919, "empirical_nll": 0.6161530211716972, "seconds": 0.7240119890000045}
{"episode_id": "natural_hepatitis_f0", "mode": "native", "expected_nll": null, "empirical_nll": 0.3469922840591807, "seconds": 0.8207076629999932}
{"episode_id": "natural_hepatitis_f0", "mode": "identity", "expected_nll": null, "empirical_nll": 0.36625954365203545, "seconds": 1.2749533829999962}
{"episode_id": "natural_hepatitis_f0", "mode": "trained", "expected_nll": null, "empirical_nll": 0.36625954365203545, "seconds": 1.210597308000004}
{"episode_id": "natural_hepatitis_f0", "mode": "heuristic", "expected_nll": null, "empirical_nll": 0.36625954365203545, "seconds": 1.4853342250000026}
{"episode_id": "natural_hepatitis_f0", "mode": "matched_linear", "expected_nll": null, "empirical_nll": 0.36625954365203545, "seconds": 1.9758496329999957}
{"episode_id": "natural_hepatitis_f0", "mode": "cv_basis", "expected_nll": null, "empirical_nll": 0.35480232675206713, "seconds": 1.345708383999991}
{"episode_id": "natural_hepatitis_f0", "mode": "random_basis", "expected_nll": null, "empirical_nll": 0.3610389564647583, "seconds": 1.3012050009999996}
{"episode_id": "natural_hepatitis_f0", "mode": "deepsets", "expected_nll": null, "empirical_nll": 0.36625954365203545, "seconds": 1.2833741190000012}
{"episode_id": "natural_hepatitis_f0", "mode": "shuffled", "expected_nll": null, "empirical_nll": 0.35613651075153097, "seconds": 1.1977563619999927}
{"episode_id": "natural_hepatitis_f1", "mode": "native", "expected_nll": null, "empirical_nll": 0.31192468457284817, "seconds": 0.872618655999986}
{"episode_id": "natural_hepatitis_f1", "mode": "identity", "expected_nll": null, "empirical_nll": 0.32004668137866965, "seconds": 1.2299624320000078}
{"episode_id": "natural_hepatitis_f1", "mode": "trained", "expected_nll": null, "empirical_nll": 0.32004668137866965, "seconds": 1.169526794999996}
{"episode_id": "natural_hepatitis_f1", "mode": "heuristic", "expected_nll": null, "empirical_nll": 0.34571619863708747, "seconds": 1.1711089529999867}
{"episode_id": "natural_hepatitis_f1", "mode": "matched_linear", "expected_nll": null, "empirical_nll": 0.32004668137866965, "seconds": 1.1165395129999922}
{"episode_id": "natural_hepatitis_f1", "mode": "cv_basis", "expected_nll": null, "empirical_nll": 0.34571619863708747, "seconds": 1.1640998780000018}
{"episode_id": "natural_hepatitis_f1", "mode": "random_basis", "expected_nll": null, "empirical_nll": 0.32037919989950925, "seconds": 1.1475179490000187}
{"episode_id": "natural_hepatitis_f1", "mode": "deepsets", "expected_nll": null, "empirical_nll": 0.32004668137866965, "seconds": 1.159184205999992}
{"episode_id": "natural_hepatitis_f1", "mode": "shuffled", "expected_nll": null, "empirical_nll": 0.3160753583915533, "seconds": 1.126149311000006}
{"episode_id": "natural_hepatitis_f2", "mode": "native", "expected_nll": null, "empirical_nll": 0.45940700910598953, "seconds": 0.8578787969999837}
{"episode_id": "natural_hepatitis_f2", "mode": "identity", "expected_nll": null, "empirical_nll": 0.46774313818355584, "seconds": 1.2055363030000024}
{"episode_id": "natural_hepatitis_f2", "mode": "trained", "expected_nll": null, "empirical_nll": 0.46774313818355584, "seconds": 1.1372331420000137}
{"episode_id": "natural_hepatitis_f2", "mode": "heuristic", "expected_nll": null, "empirical_nll": 0.46774313818355584, "seconds": 1.228279595999993}
{"episode_id": "natural_hepatitis_f2", "mode": "matched_linear", "expected_nll": null, "empirical_nll": 0.46774313818355584, "seconds": 1.1765411530000165}
{"episode_id": "natural_hepatitis_f2", "mode": "cv_basis", "expected_nll": null, "empirical_nll": 0.4691181946527649, "seconds": 1.2204366910000033}
{"episode_id": "natural_hepatitis_f2", "mode": "random_basis", "expected_nll": null, "empirical_nll": 0.46912977078368084, "seconds": 1.1870269270000051}
{"episode_id": "natural_hepatitis_f2", "mode": "deepsets", "expected_nll": null, "empirical_nll": 0.46774313818355584, "seconds": 1.235658538000024}
{"episode_id": "natural_hepatitis_f2", "mode": "shuffled", "expected_nll": null, "empirical_nll": 0.49218081587644924, "seconds": 1.1440625699999885}
{"episode_id": "natural_horse_colic_f0", "mode": "native", "expected_nll": null, "empirical_nll": 0.6100491182306181, "seconds": 0.899415839999989}
{"episode_id": "natural_horse_colic_f0", "mode": "identity", "expected_nll": null, "empirical_nll": 0.5817334750948242, "seconds": 1.1787696340000196}
{"episode_id": "natural_horse_colic_f0", "mode": "trained", "expected_nll": null, "empirical_nll": 0.5817334750948242, "seconds": 1.1353422429999966}
{"episode_id": "natural_horse_colic_f0", "mode": "heuristic", "expected_nll": null, "empirical_nll": 0.5817334750948242, "seconds": 1.1909288459999914}
{"episode_id": "natural_horse_colic_f0", "mode": "matched_linear", "expected_nll": null, "empirical_nll": 0.5817334750948242, "seconds": 1.1560262809999813}
{"episode_id": "natural_horse_colic_f0", "mode": "cv_basis", "expected_nll": null, "empirical_nll": 0.5783282332596131, "seconds": 1.2162482279999836}
{"episode_id": "natural_horse_colic_f0", "mode": "random_basis", "expected_nll": null, "empirical_nll": 0.5815694364412266, "seconds": 1.1822908110000014}
{"episode_id": "natural_horse_colic_f0", "mode": "deepsets", "expected_nll": null, "empirical_nll": 0.5817334750948242, "seconds": 1.1231788520000237}
{"episode_id": "natural_horse_colic_f0", "mode": "shuffled", "expected_nll": null, "empirical_nll": 0.5875592665919038, "seconds": 1.2084951859999933}
{"episode_id": "natural_horse_colic_f1", "mode": "native", "expected_nll": null, "empirical_nll": 0.46967331561193637, "seconds": 0.958231918999985}
{"episode_id": "natural_horse_colic_f1", "mode": "identity", "expected_nll": null, "empirical_nll": 0.47773979219358825, "seconds": 1.184196643000007}
{"episode_id": "natural_horse_colic_f1", "mode": "trained", "expected_nll": null, "empirical_nll": 0.47773979219358825, "seconds": 1.1955577660000074}
{"episode_id": "natural_horse_colic_f1", "mode": "heuristic", "expected_nll": null, "empirical_nll": 0.47773979219358825, "seconds": 1.1305074780000268}
{"episode_id": "natural_horse_colic_f1", "mode": "matched_linear", "expected_nll": null, "empirical_nll": 0.47773979219358825, "seconds": 1.1068114199999854}
{"episode_id": "natural_horse_colic_f1", "mode": "cv_basis", "expected_nll": null, "empirical_nll": 0.4786152904827181, "seconds": 1.2991158430000098}
{"episode_id": "natural_horse_colic_f1", "mode": "random_basis", "expected_nll": null, "empirical_nll": 0.47891528127744243, "seconds": 1.1882621599999936}
{"episode_id": "natural_horse_colic_f1", "mode": "deepsets", "expected_nll": null, "empirical_nll": 0.47773979219358825, "seconds": 1.2079787760000045}
{"episode_id": "natural_horse_colic_f1", "mode": "shuffled", "expected_nll": null, "empirical_nll": 0.47486404113535075, "seconds": 1.179265067000017}
{"episode_id": "natural_horse_colic_f2", "mode": "native", "expected_nll": null, "empirical_nll": 0.4826746796072595, "seconds": 0.9579915700000186}
{"episode_id": "natural_horse_colic_f2", "mode": "identity", "expected_nll": null, "empirical_nll": 0.4999248037484801, "seconds": 1.1409270219999996}
{"episode_id": "natural_horse_colic_f2", "mode": "trained", "expected_nll": null, "empirical_nll": 0.4999248037484801, "seconds": 1.165061369}
{"episode_id": "natural_horse_colic_f2", "mode": "heuristic", "expected_nll": null, "empirical_nll": 0.4999248037484801, "seconds": 1.1823291690000133}
{"episode_id": "natural_horse_colic_f2", "mode": "matched_linear", "expected_nll": null, "empirical_nll": 0.4999248037484801, "seconds": 1.1841844150000043}
{"episode_id": "natural_horse_colic_f2", "mode": "cv_basis", "expected_nll": null, "empirical_nll": 0.5035034746183426, "seconds": 1.2016904029999864}
{"episode_id": "natural_horse_colic_f2", "mode": "random_basis", "expected_nll": null, "empirical_nll": 0.5043716531510277, "seconds": 1.225257125000013}
{"episode_id": "natural_horse_colic_f2", "mode": "deepsets", "expected_nll": null, "empirical_nll": 0.4999248037484801, "seconds": 1.1991803950000133}
{"episode_id": "natural_horse_colic_f2", "mode": "shuffled", "expected_nll": null, "empirical_nll": 0.49317170107019376, "seconds": 1.1204640779999977}
